// Jest Snapshot v1, https://goo.gl/fbAQLP

exports[`stringToAST() converts milestone definitions 1`] = `
Object {
  "children": Array [
    Object {
      "children": Array [
        Object {
          "lhs": Object {
            "loc": 41,
            "type": "identifier",
            "value": "at",
          },
          "loc": 41,
          "rhs": Object {
            "loc": 45,
            "type": "timeconf",
            "value": Object {
              "day": Object {
                "loc": 47,
                "type": "day-expression",
                "unit": "day",
                "value": -14,
              },
              "loc": 47,
              "type": "study-day",
              "window": Object {
                "loc": 52,
                "type": "window",
                "window": Array [
                  Object {
                    "days": Object {
                      "loc": 53,
                      "type": "day-expression",
                      "unit": "day",
                      "value": 14,
                    },
                    "loc": 52,
                    "operator": "+",
                    "type": "positive-window",
                  },
                  Object {
                    "days": Object {
                      "loc": 58,
                      "type": "day-expression",
                      "unit": "day",
                      "value": 10,
                    },
                    "loc": 57,
                    "operator": "-",
                    "type": "negative-window",
                  },
                ],
              },
            },
          },
          "type": "key-value-pair",
        },
      ],
      "loc": 9,
      "name": Object {
        "loc": 19,
        "type": "identifier",
        "value": "SCREENING",
      },
      "type": "milestone-definition",
    },
    Object {
      "children": Array [
        Object {
          "lhs": Object {
            "loc": 121,
            "type": "identifier",
            "value": "at",
          },
          "loc": 121,
          "rhs": Object {
            "loc": 125,
            "type": "timeconf",
            "value": Object {
              "day": Object {
                "loc": 127,
                "type": "day-expression",
                "unit": "day",
                "value": 0,
              },
              "loc": 127,
              "type": "study-day",
              "window": null,
            },
          },
          "type": "key-value-pair",
        },
      ],
      "loc": 90,
      "name": Object {
        "loc": 100,
        "type": "identifier",
        "value": "BASELINE",
      },
      "type": "milestone-definition",
    },
    Object {
      "children": Array [
        Object {
          "lhs": Object {
            "loc": 189,
            "type": "identifier",
            "value": "at",
          },
          "loc": 189,
          "rhs": Object {
            "loc": 193,
            "type": "timeconf",
            "value": Object {
              "day": Object {
                "loc": 195,
                "type": "day-expression",
                "unit": "day",
                "value": 7,
              },
              "loc": 195,
              "type": "study-day",
              "window": Object {
                "loc": 198,
                "type": "window",
                "window": Array [
                  Object {
                    "days": Object {
                      "loc": 200,
                      "type": "day-expression",
                      "unit": "day",
                      "value": 4,
                    },
                    "loc": 198,
                    "operator": "+-",
                    "type": "both-window",
                  },
                ],
              },
            },
          },
          "type": "key-value-pair",
        },
      ],
      "loc": 158,
      "name": Object {
        "loc": 168,
        "type": "identifier",
        "value": "CLINIC_1",
      },
      "type": "milestone-definition",
    },
    Object {
      "children": Array [
        Object {
          "lhs": Object {
            "loc": 262,
            "type": "identifier",
            "value": "at",
          },
          "loc": 262,
          "rhs": Object {
            "loc": 266,
            "type": "timeconf",
            "value": Object {
              "day": Object {
                "loc": 268,
                "type": "day-expression",
                "unit": "day",
                "value": 14,
              },
              "loc": 268,
              "type": "study-day",
              "window": Object {
                "loc": 272,
                "type": "window",
                "window": Array [
                  Object {
                    "days": Object {
                      "loc": 274,
                      "type": "day-expression",
                      "unit": "day",
                      "value": 4,
                    },
                    "loc": 272,
                    "operator": "+-",
                    "type": "both-window",
                  },
                ],
              },
            },
          },
          "type": "key-value-pair",
        },
      ],
      "loc": 231,
      "name": Object {
        "loc": 241,
        "type": "identifier",
        "value": "CLINIC_2",
      },
      "type": "milestone-definition",
    },
    Object {
      "children": Array [
        Object {
          "lhs": Object {
            "loc": 336,
            "type": "identifier",
            "value": "at",
          },
          "loc": 336,
          "rhs": Object {
            "loc": 340,
            "type": "timeconf",
            "value": Object {
              "day": Object {
                "loc": 342,
                "type": "day-expression",
                "unit": "day",
                "value": 21,
              },
              "loc": 342,
              "type": "study-day",
              "window": Object {
                "loc": 346,
                "type": "window",
                "window": Array [
                  Object {
                    "days": Object {
                      "loc": 348,
                      "type": "day-expression",
                      "unit": "day",
                      "value": 3,
                    },
                    "loc": 346,
                    "operator": "+-",
                    "type": "both-window",
                  },
                ],
              },
            },
          },
          "type": "key-value-pair",
        },
      ],
      "loc": 305,
      "name": Object {
        "loc": 315,
        "type": "identifier",
        "value": "CLINIC_3",
      },
      "type": "milestone-definition",
    },
    Object {
      "children": Array [
        Object {
          "lhs": Object {
            "loc": 410,
            "type": "identifier",
            "value": "day",
          },
          "loc": 410,
          "rhs": Object {
            "loc": 415,
            "type": "timeconf",
            "value": Object {
              "day": Object {
                "loc": 417,
                "type": "day-expression",
                "unit": "day",
                "value": 28,
              },
              "loc": 417,
              "type": "study-day",
              "window": Object {
                "loc": 421,
                "type": "window",
                "window": Array [
                  Object {
                    "days": Object {
                      "loc": 423,
                      "type": "day-expression",
                      "unit": "day",
                      "value": 4,
                    },
                    "loc": 421,
                    "operator": "+-",
                    "type": "both-window",
                  },
                ],
              },
            },
          },
          "type": "key-value-pair",
        },
      ],
      "loc": 379,
      "name": Object {
        "loc": 389,
        "type": "identifier",
        "value": "CLINIC_4",
      },
      "type": "milestone-definition",
    },
    Object {
      "children": Array [
        Object {
          "lhs": Object {
            "loc": 485,
            "type": "identifier",
            "value": "day",
          },
          "loc": 485,
          "rhs": Object {
            "loc": 490,
            "type": "timeconf",
            "value": Object {
              "day": Object {
                "loc": 492,
                "type": "day-expression",
                "unit": "day",
                "value": 35,
              },
              "loc": 492,
              "type": "study-day",
              "window": Object {
                "loc": 496,
                "type": "window",
                "window": Array [
                  Object {
                    "days": Object {
                      "loc": 497,
                      "type": "day-expression",
                      "unit": "day",
                      "value": 2,
                    },
                    "loc": 496,
                    "operator": "+",
                    "type": "positive-window",
                  },
                  Object {
                    "days": Object {
                      "loc": 501,
                      "type": "day-expression",
                      "unit": "day",
                      "value": 4,
                    },
                    "loc": 500,
                    "operator": "-",
                    "type": "negative-window",
                  },
                ],
              },
            },
          },
          "type": "key-value-pair",
        },
      ],
      "loc": 454,
      "name": Object {
        "loc": 464,
        "type": "identifier",
        "value": "CLOSEOUT",
      },
      "type": "milestone-definition",
    },
    Object {
      "children": Array [
        Object {
          "lhs": Object {
            "loc": 565,
            "type": "identifier",
            "value": "day",
          },
          "loc": 565,
          "rhs": Object {
            "loc": 570,
            "type": "timeconf",
            "value": Object {
              "loc": 572,
              "operator": Object {
                "loc": 572,
                "type": "time-operator",
                "value": ">",
              },
              "rhs": Object {
                "loc": 574,
                "type": "identifier",
                "value": "BASELINE",
              },
              "type": "time-expression",
            },
          },
          "type": "key-value-pair",
        },
      ],
      "loc": 532,
      "name": Object {
        "loc": 542,
        "type": "identifier",
        "value": "EARLY_TERM",
      },
      "type": "milestone-definition",
    },
  ],
  "loc": 0,
  "type": "document",
}
`;

exports[`stringToAST() converts study metadata 1`] = `
Object {
  "children": Array [
    Object {
      "children": Array [
        Object {
          "lhs": Object {
            "loc": 27,
            "type": "identifier",
            "value": "id",
          },
          "loc": 27,
          "rhs": Object {
            "loc": 31,
            "type": "string",
            "value": "TER101-AD-201",
          },
          "type": "key-value-pair",
        },
        Object {
          "lhs": Object {
            "loc": 57,
            "type": "identifier",
            "value": "name",
          },
          "loc": 57,
          "rhs": Object {
            "loc": 63,
            "type": "string",
            "value": "Teres Atopic Derm Phase 2a",
          },
          "type": "key-value-pair",
        },
      ],
      "loc": 9,
      "type": "study-definition",
    },
  ],
  "loc": 0,
  "type": "document",
}
`;
